// Jest Snapshot v1, https://goo.gl/fbAQLP

exports[`test Card 1`] = `ShallowWrapper {}`;
